IQ-TREE version 3.1.3 for Linux x86 64-bit built Jul 26 2026
Developed by Bui Quang Minh, Thomas Wong, Nhan Ly-Trong, Huaiyan Ren
Contributed by Lam-Tung Nguyen, Dominik Schrempf, Chris Bielow,
Olga Chernomor, Michael Woodhams, Diep Thi Hoang, Heiko Schmidt

Host:    camThinkPad (AVX2, FMA3, 7 GB RAM)
Command: iqtree -s rt.trim -m MFP -mset LG,WAG,JTT,VT,rtREV,HIVb,HIVw,Q.pfam,Dayhoff,Blosum62 -B 1000 --alrt 1000 -T 4 -pre rt -redo --quiet
Seed:    962930 (Using SPRNG - Scalable Parallel Random Number Generator)
Time:    Sun Aug  9 11:14:53 2026
Kernel:  AVX+FMA - 4 threads (8 CPU cores detected)

Reading alignment file rt.trim ... Fasta format detected
Reading fasta file: done in 0.000823021 secs
Alignment most likely contains protein sequences
Constructing alignment: done in 0.000391006 secs using 396.7% CPU
Alignment has 272 sequences with 131 columns, 131 distinct patterns
129 parsimony-informative, 0 singleton sites, 2 constant sites
                               Gap/Ambiguity  Composition  p-value
Analyzing sequences: done in 2.09808e-05 secs using 324.1% CPU
   1  17.6                             3.05%    passed     86.95%
   2  1731                            15.27%    passed     79.90%
   3  297                              3.05%    passed     95.96%
   4  412                              3.05%    passed     70.21%
   5  ASSBSV                           3.05%    passed      5.67%
   6  Amn-ichi                         3.05%    passed     94.93%
   7  Amn-ni                           3.05%    passed     97.81%
   8  Amn-san                          3.05%    passed     92.66%
   9  Araco                           15.27%    passed     50.71%
  10  Athila4-1                        3.05%    passed     57.70%
  11  B1147A04.5                      12.21%    passed     78.58%
  12  BAEVM                            3.05%    failed      1.65%
  13  BFV                              3.05%    passed     31.14%
  14  BIV                              6.87%    passed     26.12%
  15  BLV                              5.34%    passed     17.67%
  16  Bagy-1                           3.05%    passed     84.92%
  17  Bagy-2                           3.05%    passed     47.21%
  18  Batata                          15.27%    passed     85.41%
  19  Beetle1                          3.05%    passed     59.09%
  20  Bel                              4.58%    passed     75.27%
  21  Blastopia                        3.05%    passed      7.67%
  22  Boudicca                         3.05%    passed     60.05%
  23  Burdock                          3.05%    passed     71.58%
  24  CAEV                             5.34%    failed      4.90%
  25  CFG1                             3.05%    passed     86.44%
  26  CRM                              3.05%    passed     60.18%
  27  Calypso5-1                       4.58%    failed      4.93%
  28  Cer1                             3.05%    passed     83.98%
  29  Cer10-1                          4.58%    passed     98.23%
  30  Cer2                             3.05%    passed     87.43%
  31  Cer3                             3.05%    passed     73.14%
  32  Cer4                             3.05%    passed     89.30%
  33  Cer5                             3.05%    passed     68.42%
  34  Cer6                             3.05%    passed     36.47%
  35  Cer7                             6.11%    passed     16.00%
  36  Cereba                           3.05%    passed     97.45%
  37  Cft-1                            2.29%    passed     83.15%
  38  Cgret                            3.05%    passed     87.09%
  39  Cico1                           16.03%    passed     34.56%
  40  Cigr-1                           3.05%    passed     47.13%
  41  Circe                           28.24%    failed      0.05%
  42  CoDi2.4                         16.03%    passed     57.03%
  43  CoDi3.1                         16.79%    passed     47.56%
  44  CoDi4.1                         32.06%    passed     35.96%
  45  CoDi4.3                         19.08%    passed     38.11%
  46  CoDi4.4                         19.08%    failed      2.86%
  47  CoDi4.5                         19.08%    passed     41.03%
  48  CoDi5.1                         15.27%    passed     51.34%
  49  CoDi5.2                         15.27%    passed     56.54%
  50  CoDi5.3                         15.27%    passed     29.29%
  51  CoDi5.4                         15.27%    passed     99.25%
  52  CoDi5.5                         15.27%    passed     59.85%
  53  CoDi5.6                         15.27%    passed     58.27%
  54  CoDi6.1                         14.50%    passed     57.34%
  55  CoDi6.2                         15.27%    passed     58.26%
  56  CoDi6.3                         15.27%    passed     76.39%
  57  CoDi6.4                         12.98%    passed     22.15%
  58  CoDi6.5                         16.03%    passed     63.58%
  59  CoDi6.6                         16.03%    passed     29.68%
  60  CoDi6.7                         14.50%    passed     97.21%
  61  CoDi7.1                         17.56%    passed      9.30%
  62  Copia                           15.27%    passed     38.98%
  63  CopiaSL_12                      15.27%    passed     84.30%
  64  CopiaSL_13                      18.32%    passed     64.38%
  65  CopiaSL_22                      16.03%    passed     85.12%
  66  CopiaSL_27                      61.83%    passed     92.92%
  67  CopiaSL_29                      16.03%    passed     69.53%
  68  CopiaSL_30                      15.27%    passed     80.22%
  69  CopiaSL_32                      15.27%    passed     61.37%
  70  CopiaSL_34                      64.12%    passed     72.70%
  71  CopiaSL_38                      20.61%    passed     62.72%
  72  CopiaSL_monotypic-Chr01_1s215   16.03%    passed     92.83%
  73  CopiaSL_monotypic-Chr02_1s25    23.66%    passed     71.05%
  74  CopiaSL_monotypic-Chr02_2s24    88.55%    passed     72.45%
  75  CopiaSL_monotypic-Chr03_2s19    16.03%    passed     63.57%
  76  CopiaSL_monotypic-Chr03_2s27    70.99%    passed     62.62%
  77  CopiaSL_monotypic-Chr04_2s44    16.03%    passed     84.09%
  78  CopiaSL_monotypic-Chr04_2s50    90.84%    passed     71.06%
  79  CopiaSL_monotypic-Chr07_1s01    52.67%    passed     88.16%
  80  CopiaSL_monotypic-Chr08_1s11    35.88%    passed     75.50%
  81  CopiaSL_monotypic-Chr08_2s16    65.65%    passed     75.20%
  82  CopiaSL_monotypic-Chr08_2s43    18.32%    passed     83.11%
  83  CopiaSL_monotypic-Chr08_2s69    18.32%    passed     96.94%
  84  CopiaSL_monotypic-Chr11_2s25    15.27%    passed     70.93%
  85  CopiaSL_monotypic-Chr11_2s38    20.61%    passed     74.97%
  86  CopiaSL_monotypic-Chr11_2s39    58.02%    passed     58.73%
  87  CopiaSL_monotypic-Chr12_1s59    15.27%    passed     37.41%
  88  CopiaSL_monotypic-Chr12_2s29    28.24%    passed     12.38%
  89  CsRN1                            3.05%    passed     10.78%
  90  Cubel                            4.58%    passed     60.37%
  91  Cyclops-2                        3.82%    passed     47.48%
  92  DRM                              3.05%    passed     94.19%
  93  Dane-1                           3.05%    passed     54.95%
  94  Del                              3.82%    passed     57.11%
  95  Diaspora                         3.82%    passed     27.25%
  96  DrFV-1                           3.05%    passed     89.36%
  97  EFV                              3.05%    passed     17.46%
  98  EIAV                             5.34%    passed     35.02%
  99  Endovir1-1                      15.27%    passed     88.52%
 100  FFV                              3.05%    passed     41.54%
 101  FIV                              5.34%    failed      4.19%
 102  FeLV                             3.05%    passed     17.04%
 103  Fourf                           15.27%    passed     99.29%
 104  G-Rhodo                          3.05%    passed     61.10%
 105  GALV                             3.05%    failed      0.35%
 106  Gabel                            4.58%    passed     83.49%
 107  GalEa1                          16.03%    passed     29.27%
 108  Galadriel                        3.05%    passed     81.01%
 109  Gimli                            3.05%    passed     90.71%
 110  Gloin                            3.82%    passed     71.95%
 111  Gmr1                             3.05%    passed     60.92%
 112  Grande1-4                        3.05%    passed     53.72%
 113  Grasshopper                      2.29%    passed     18.97%
 114  Gulliver                         3.82%    passed     75.49%
 115  Gypsy                            3.05%    passed     68.64%
 116  GypsySL_01                       3.82%    passed     87.24%
 117  GypsySL_02                       6.11%    passed     84.43%
 118  GypsySL_03                       4.58%    passed     82.61%
 119  GypsySL_04                       3.82%    passed     12.11%
 120  GypsySL_05                       5.34%    passed     89.04%
 121  GypsySL_06                       3.82%    passed     52.44%
 122  GypsySL_09                       3.05%    passed     89.77%
 123  GypsySL_12                       3.82%    passed     69.66%
 124  GypsySL_monotypic-Chr02_1s41    41.22%    passed     81.75%
 125  GypsySL_monotypic-Chr03_1s10     3.82%    passed     81.25%
 126  GypsySL_monotypic-Chr03_1s33    42.75%    passed     91.60%
 127  GypsySL_monotypic-Chr04_2s29     3.82%    passed     48.11%
 128  GypsySL_monotypic-Chr07_1s69    49.62%    passed     64.57%
 129  Gypsyvir                         3.05%    passed     89.32%
 130  HERV-E                           3.05%    passed      6.21%
 131  HERV-K10                         6.11%    passed      5.28%
 132  HFV                              3.05%    passed     46.44%
 133  HIV-1                            5.34%    passed     25.24%
 134  HIV-2                            5.34%    passed     55.58%
 135  HMS-Beagle                       3.05%    passed     76.83%
 136  HTLV-1                           5.34%    failed      0.77%
 137  HTLV-2                           5.34%    failed      0.01%
 138  Hopscotch                       46.56%    passed     75.22%
 139  Humnum                          15.27%    passed     57.56%
 140  Hydra1-1                        15.27%    passed     15.73%
 141  Hydra1-2                        15.27%    passed     31.60%
 142  Hydra2-1                         3.05%    passed     83.66%
 143  Hydra3-1                         1.53%    passed     15.10%
 144  Idefix                           3.05%    passed     88.74%
 145  Ifg7                             3.05%    passed     91.64%
 146  JSRV                             6.11%    passed     44.97%
 147  K-HERV                           6.11%    failed      4.49%
 148  Kabuki                           3.05%    passed     35.76%
 149  KoRV                             3.05%    failed      0.45%
 150  Koala                           15.27%    passed     85.72%
 151  Kobel                            4.58%    passed     74.66%
 152  Koco                            15.27%    passed     54.63%
 153  LPDV                             8.40%    passed     90.95%
 154  Legolas                          3.05%    passed     85.35%
 155  MGLR3                            3.05%    passed     96.09%
 156  MMTV                             6.11%    passed     60.29%
 157  MPMV                             6.11%    failed      4.85%
 158  Mabel                            4.58%    passed     10.69%
 159  Mag                              3.05%    passed     49.79%
 160  Maggy                            3.05%    passed     89.04%
 161  Max                              4.58%    passed     96.19%
 162  MdEV                             3.05%    passed      6.57%
 163  Mdg1                             3.05%    passed     96.77%
 164  Mdg3                             3.05%    passed     19.69%
 165  Melmoth                         15.27%    passed     51.12%
 166  Micropia                         7.63%    passed     57.64%
 167  Monkey                           3.05%    passed     89.00%
 168  Moose                            4.58%    passed     35.00%
 169  Mtanga                          15.27%    passed     88.21%
 170  MuERV-L                          3.05%    passed     84.29%
 171  MuLV                             3.05%    failed      0.17%
 172  Nabel                            5.34%    passed     40.38%
 173  Ninja                            4.58%    passed     34.03%
 174  Nomad                            3.05%    passed     99.95%
 175  Olco1                           17.56%    passed     98.44%
 176  Opie-2                          15.27%    passed     52.57%
 177  Oryco1-1                        15.27%    passed     57.95%
 178  Oryco1-2                        19.08%    passed     74.57%
 179  Osser                           14.50%    passed     16.64%
 180  Osvaldo                          3.05%    passed     92.23%
 181  PERV-MSL                         3.05%    passed      6.14%
 182  Pao                              3.82%    passed     67.80%
 183  Peabody                          3.05%    passed     50.04%
 184  Poco                            16.03%    passed     79.53%
 185  Purbel                           4.58%    passed     53.13%
 186  PyERV                            5.34%    failed      0.01%
 187  PyRE1G1                         15.27%    passed     47.66%
 188  Pyggy                            2.29%    passed     99.20%
 189  Pyret                            3.05%    passed     47.41%
 190  RCHO-K1                          3.05%    passed      5.13%
 191  REM1                             3.05%    passed     98.34%
 192  REV                              3.05%    passed     11.58%
 193  RIRE2                            3.05%    passed     33.91%
 194  RSV                              6.87%    passed     30.99%
 195  RTVL-Ia                          3.05%    passed     49.13%
 196  RTvr2                           16.03%    passed     69.86%
 197  Real                             2.29%    passed     99.66%
 198  Reina                            3.05%    passed     42.58%
 199  RetroSor1                        3.05%    passed     69.75%
 200  Retrofit                        15.27%    passed     59.19%
 201  Retrosat-2                       3.05%    passed     98.51%
 202  Roo                              4.58%    passed     86.69%
 203  SA-OMVV                          5.34%    failed      4.44%
 204  SERV                             6.11%    failed      1.89%
 205  SFV-1                            3.05%    passed     70.97%
 206  SIRE1-4                         15.27%    passed     52.57%
 207  SIVAGM                           5.34%    passed     14.28%
 208  SIVMAC                           5.34%    passed     76.05%
 209  SIVMND                           5.34%    passed     14.35%
 210  SMRV-H                           6.11%    passed      6.83%
 211  SPM                              3.05%    passed     70.70%
 212  SRV-1                            6.11%    passed      5.64%
 213  STcLV2PP1664                     5.34%    failed      0.01%
 214  SURL                             3.05%    passed     95.80%
 215  Saci-6                          44.27%    passed     18.84%
 216  Sinbad                           4.58%    passed     53.77%
 217  Skipper                          2.29%    passed     97.47%
 218  Skippy                           3.05%    passed     98.65%
 219  SnRV                             3.05%    passed     22.34%
 220  Spirobel                         4.58%    passed     17.26%
 221  Springer                         3.05%    passed     97.60%
 222  Sto-4                           15.27%    passed     88.93%
 223  Sushi-ichi                       3.05%    passed     95.08%
 224  Suzu                             4.58%    passed     46.65%
 225  TF1                              3.05%    passed     86.22%
 226  TF2                              3.05%    passed     86.22%
 227  TSI-9                           15.27%    passed     57.95%
 228  Tamy                             4.58%    passed     48.05%
 229  Tas                              6.87%    passed     63.74%
 230  Tat4-1                           3.05%    passed     53.24%
 231  Tdh2                            19.85%    passed     55.22%
 232  Ted                              3.05%    passed     84.80%
 233  Tft2                             3.05%    passed     17.48%
 234  Tkm1                            22.14%    passed     59.50%
 235  Tma                              3.05%    passed     75.20%
 236  Tnt-1                           15.27%    passed     79.45%
 237  Tntom1                           3.82%    passed     37.31%
 238  ToRTL1                          15.27%    passed     62.40%
 239  Tom                              3.05%    passed     98.84%
 240  Tor1                             3.05%    passed     98.18%
 241  Tor2                             3.05%    passed     54.09%
 242  Tor4a                            3.05%    passed     59.06%
 243  Tork4                           15.27%    passed     53.15%
 244  Tribel                           4.58%    passed     70.52%
 245  Tricopia                        15.27%    passed     85.15%
 246  Tse1                            21.37%    passed      8.52%
 247  Tse3                             3.05%    passed     97.83%
 248  Tto1                            15.27%    passed     84.21%
 249  Tv1                              3.05%    passed     26.66%
 250  Ty1B                            22.14%    failed      3.42%
 251  Ty2                             22.14%    passed      6.34%
 252  Ty3-1                            3.05%    passed     99.47%
 253  Ty4                             16.03%    passed     56.60%
 254  Ulysses                          3.05%    passed     77.23%
 255  V12                             15.27%    passed     72.09%
 256  VMV                              5.34%    passed      5.31%
 257  WdSV                             3.05%    passed     78.58%
 258  Woot                             3.05%    passed     99.63%
 259  XEN1                             3.05%    passed      9.73%
 260  Xanthias                        15.27%    passed     23.37%
 261  Yokozuna                        18.32%    passed     71.68%
 262  Yoyo                             3.05%    passed     38.51%
 263  ZFERV-2                          3.05%    passed     87.57%
 264  Zam                              3.05%    passed     55.70%
 265  Zebel                            4.58%    passed     95.45%
 266  Zeco1                           16.79%    passed     41.81%
 267  Zeco2                           16.79%    passed     35.40%
 268  marY1                            3.05%    passed     90.01%
 269  pCal                            19.08%    passed     36.56%
 270  pCretro3                        16.03%    passed     15.64%
 271  pCretro6                        15.27%    passed     67.14%
 272  rGmr1                            3.05%    passed     41.79%
WARNING: 8 sequences contain more than 50% gaps/ambiguity
****  TOTAL                           10.66%  18 sequences failed composition chi2 test (p-value<5%; df=19)
NOTE: SIRE1-4 is identical to Opie-2 but kept for subsequent analysis
NOTE: TF2 is identical to TF1 but kept for subsequent analysis
Checking for duplicate sequences: done in 0.000793934 secs using 397% CPU


Create initial parsimony tree by phylogenetic likelihood library (PLL)... 0.096 seconds
Perform fast likelihood tree search using LG+I+G model...
Estimate model parameters (epsilon = 5.000)
Perform nearest neighbor interchange...
Estimate model parameters (epsilon = 1.000)
1. Initial log-likelihood: -44185.727
2. Current log-likelihood: -44183.099
Optimal log-likelihood: -44182.953
Proportion of invariable sites: 0.000
Gamma shape alpha: 1.270
Parameters optimization took 2 rounds (0.561 sec)
Time for fast ML tree search: 4.099 seconds

NOTE: ModelFinder requires 64 MB RAM!
ModelFinder will test up to 440 protein models (sample size: 131 epsilon: 0.100) ...
 No. Model         -LnL         df  AIC          AICc         BIC
Akaike Information Criterion:           LG+R7
Corrected Akaike Information Criterion: LG+G4
Bayesian Information Criterion:         LG+R7
Best-fit model: LG+R7 chosen according to BIC

All model information printed to rt.model.gz
CPU time for ModelFinder: 5417.023 seconds (1h:30m:17s)
Wall-clock time for ModelFinder: 1384.709 seconds (0h:23m:4s)
Generating 1000 samples for ultrafast bootstrap (seed: 962930)...

NOTE: 45 MB RAM (0 GB) is required!
Estimate model parameters (epsilon = 0.100)
1. Initial log-likelihood: -44134.072
2. Current log-likelihood: -44090.627
3. Current log-likelihood: -44087.416
4. Current log-likelihood: -44086.957
Optimal log-likelihood: -44086.887
Site proportion and rates:  (0.039,0.091) (0.082,0.224) (0.181,0.448) (0.295,0.738) (0.201,1.105) (0.165,1.991) (0.038,3.412)
Parameters optimization took 4 rounds (7.272 sec)
Wrote distance file to... 
Computing ML distances based on estimated model parameters...
Calculating distance matrix: done in 6.99406 secs using 401% CPU
Computing ML distances took 6.994524 sec (of wall-clock time) 28.051189 sec (of CPU time)
WARNING: Some pairwise ML distances are too long (saturated)
Setting up auxiliary I and S matrices: done in 0.000766039 secs using 388.6% CPU
Constructing RapidNJ tree: done in 0.00950098 secs using 517.9% CPU
Computing RapidNJ tree took 0.010321 sec (of wall-clock time) 0.053125 sec (of CPU time)
Log-likelihood of RapidNJ tree: -44616.866
--------------------------------------------------------------------
|             INITIALIZING CANDIDATE TREE SET                      |
--------------------------------------------------------------------
Generating 98 parsimony trees... 8.814 second
Computing log-likelihood of 98 initial trees ... 14.435 seconds
Current best score: -44086.887

Do NNI search on 20 best initial trees
Estimate model parameters (epsilon = 0.100)
BETTER TREE FOUND at iteration 1: -44078.885
Estimate model parameters (epsilon = 0.100)
BETTER TREE FOUND at iteration 4: -44066.061
Iteration 10 / LogL: -44146.759 / Time: 0h:24m:35s
Estimate model parameters (epsilon = 0.100)
BETTER TREE FOUND at iteration 14: -44043.265
Iteration 20 / LogL: -44132.895 / Time: 0h:25m:20s
Finish initializing candidate tree set (20)
Current best tree score: -44043.265 / CPU time: 120.938
Number of iterations: 20
--------------------------------------------------------------------
|               OPTIMIZING CANDIDATE TREE SET                      |
--------------------------------------------------------------------
Estimate model parameters (epsilon = 0.100)
BETTER TREE FOUND at iteration 24: -44031.859
Estimate model parameters (epsilon = 0.100)
BETTER TREE FOUND at iteration 26: -44030.691
Estimate model parameters (epsilon = 0.100)
BETTER TREE FOUND at iteration 27: -44026.122
Estimate model parameters (epsilon = 0.100)
BETTER TREE FOUND at iteration 28: -44020.781
Estimate model parameters (epsilon = 0.100)
BETTER TREE FOUND at iteration 29: -44016.113
Iteration 30 / LogL: -44019.269 / Time: 0h:26m:12s (0h:10m:41s left)
Estimate model parameters (epsilon = 0.100)
BETTER TREE FOUND at iteration 33: -44006.972
Estimate model parameters (epsilon = 0.100)
BETTER TREE FOUND at iteration 39: -44006.404
Iteration 40 / LogL: -44014.614 / Time: 0h:26m:50s (0h:9m:33s left)
Estimate model parameters (epsilon = 0.100)
BETTER TREE FOUND at iteration 42: -44003.623
Estimate model parameters (epsilon = 0.100)
BETTER TREE FOUND at iteration 49: -44003.281
Iteration 50 / LogL: -44014.859 / Time: 0h:27m:30s (0h:8m:57s left)
Log-likelihood cutoff on original alignment: -44122.361
Estimate model parameters (epsilon = 0.100)
BETTER TREE FOUND at iteration 60: -44002.541
Iteration 60 / LogL: -44002.541 / Time: 0h:28m:10s (0h:8m:37s left)
Estimate model parameters (epsilon = 0.100)
BETTER TREE FOUND at iteration 68: -44001.253
Iteration 70 / LogL: -44045.833 / Time: 0h:28m:42s (0h:7m:59s left)
Estimate model parameters (epsilon = 0.100)
BETTER TREE FOUND at iteration 71: -43998.195
Iteration 80 / LogL: -44006.803 / Time: 0h:29m:21s (0h:7m:13s left)
Estimate model parameters (epsilon = 0.100)
BETTER TREE FOUND at iteration 85: -43997.544
Estimate model parameters (epsilon = 0.100)
BETTER TREE FOUND at iteration 86: -43987.524
Iteration 90 / LogL: -44001.429 / Time: 0h:30m:2s (0h:7m:30s left)
Iteration 100 / LogL: -43998.431 / Time: 0h:30m:38s (0h:6m:33s left)
Log-likelihood cutoff on original alignment: -44122.361
NOTE: Bootstrap correlation coefficient of split occurrence frequencies: 0.979
NOTE: UFBoot does not converge, continue at least 100 more iterations
Estimate model parameters (epsilon = 0.100)
BETTER TREE FOUND at iteration 104: -43981.913
Estimate model parameters (epsilon = 0.100)
BETTER TREE FOUND at iteration 109: -43981.061
Iteration 110 / LogL: -43998.424 / Time: 0h:31m:13s (0h:7m:24s left)
Estimate model parameters (epsilon = 0.100)
BETTER TREE FOUND at iteration 117: -43979.677
Iteration 120 / LogL: -43983.634 / Time: 0h:31m:54s (0h:7m:11s left)
Iteration 130 / LogL: -44002.871 / Time: 0h:32m:23s (0h:6m:17s left)
Estimate model parameters (epsilon = 0.100)
BETTER TREE FOUND at iteration 138: -43978.871
Iteration 140 / LogL: -44003.702 / Time: 0h:33m:2s (0h:7m:1s left)
Iteration 150 / LogL: -43992.544 / Time: 0h:33m:38s (0h:6m:14s left)
Log-likelihood cutoff on original alignment: -44083.403
Estimate model parameters (epsilon = 0.100)
BETTER TREE FOUND at iteration 152: -43973.418
Iteration 160 / LogL: -43979.251 / Time: 0h:34m:14s (0h:6m:27s left)
Iteration 170 / LogL: -43982.626 / Time: 0h:34m:54s (0h:5m:44s left)
Iteration 180 / LogL: -43989.665 / Time: 0h:35m:30s (0h:5m:0s left)
Iteration 190 / LogL: -43986.283 / Time: 0h:36m:5s (0h:4m:16s left)
Iteration 200 / LogL: -43975.313 / Time: 0h:36m:43s (0h:3m:34s left)
Log-likelihood cutoff on original alignment: -44070.010
NOTE: Bootstrap correlation coefficient of split occurrence frequencies: 0.971
NOTE: UFBoot does not converge, continue at least 100 more iterations
Iteration 210 / LogL: -43996.501 / Time: 0h:37m:31s (0h:6m:13s left)
Iteration 220 / LogL: -43981.172 / Time: 0h:38m:4s (0h:5m:28s left)
Iteration 230 / LogL: -43985.410 / Time: 0h:38m:43s (0h:4m:46s left)
Iteration 240 / LogL: -43976.936 / Time: 0h:39m:24s (0h:4m:6s left)
Iteration 250 / LogL: -43982.703 / Time: 0h:39m:58s (0h:3m:23s left)
Log-likelihood cutoff on original alignment: -44070.010
Estimate model parameters (epsilon = 0.100)
BETTER TREE FOUND at iteration 257: -43973.188
Iteration 260 / LogL: -43990.474 / Time: 0h:40m:38s (0h:6m:34s left)
Estimate model parameters (epsilon = 0.100)
BETTER TREE FOUND at iteration 265: -43972.348
Iteration 270 / LogL: -44033.646 / Time: 0h:41m:20s (0h:6m:27s left)
Iteration 280 / LogL: -44039.605 / Time: 0h:41m:59s (0h:5m:45s left)
Iteration 290 / LogL: -43989.699 / Time: 0h:42m:37s (0h:5m:4s left)
Iteration 300 / LogL: -43983.332 / Time: 0h:43m:16s (0h:4m:23s left)
Log-likelihood cutoff on original alignment: -44070.010
NOTE: Bootstrap correlation coefficient of split occurrence frequencies: 0.987
NOTE: UFBoot does not converge, continue at least 100 more iterations
Iteration 310 / LogL: -43978.846 / Time: 0h:44m:4s (0h:6m:7s left)
Estimate model parameters (epsilon = 0.100)
BETTER TREE FOUND at iteration 311: -43971.627
Iteration 320 / LogL: -43975.802 / Time: 0h:44m:41s (0h:6m:9s left)
Iteration 330 / LogL: -43978.985 / Time: 0h:45m:22s (0h:5m:29s left)
Iteration 340 / LogL: -43988.295 / Time: 0h:46m:3s (0h:4m:48s left)
Iteration 350 / LogL: -43998.517 / Time: 0h:46m:43s (0h:4m:7s left)
Log-likelihood cutoff on original alignment: -44070.010
Iteration 360 / LogL: -43985.555 / Time: 0h:47m:25s (0h:3m:27s left)
Iteration 370 / LogL: -44076.113 / Time: 0h:48m:3s (0h:2m:46s left)
Iteration 380 / LogL: -43984.614 / Time: 0h:48m:44s (0h:2m:5s left)
Iteration 390 / LogL: -44035.202 / Time: 0h:49m:18s (0h:1m:24s left)
Iteration 400 / LogL: -43974.477 / Time: 0h:49m:53s (0h:0m:44s left)
Log-likelihood cutoff on original alignment: -44070.010
NOTE: Bootstrap correlation coefficient of split occurrence frequencies: 0.993
Iteration 410 / LogL: -43993.871 / Time: 0h:50m:39s (0h:6m:4s left)
TREE SEARCH COMPLETED AFTER 412 ITERATIONS / Time: 0h:50m:47s

--------------------------------------------------------------------
|                    FINALIZING TREE SEARCH                        |
--------------------------------------------------------------------
Performs final model parameters optimization
Estimate model parameters (epsilon = 0.010)
1. Initial log-likelihood: -43971.627
Optimal log-likelihood: -43971.621
Site proportion and rates:  (0.038,0.084) (0.079,0.220) (0.198,0.451) (0.303,0.755) (0.178,1.128) (0.171,2.011) (0.033,3.545)
Parameters optimization took 1 rounds (1.033 sec)
BEST SCORE FOUND : -43971.621

Testing tree branches by SH-like aLRT with 1000 replicates...
Alternative NNI shows better log-likelihood -43971.608 > -43971.621
Alternative NNI shows better log-likelihood -43971.612 > -43971.621
0.759 sec.
Creating bootstrap support values...
Split supports printed to NEXUS file rt.splits.nex
Total tree length: 140.601

Total number of iterations: 412
CPU time used for tree search: 6371.606 sec (1h:46m:11s)
Wall-clock time used for tree search: 1647.284 sec (0h:27m:27s)
Total CPU time used: 11858.073 sec (3h:17m:38s)
Total wall-clock time used: 3049.937 sec (0h:50m:49s)

Computing bootstrap consensus tree...
Reading input file rt.splits.nex...
272 taxa and 1924 splits.
Consensus tree written to rt.contree
Reading input trees file rt.contree
Log-likelihood of consensus tree: -43977.176

Analysis results written to: 
  IQ-TREE report:                rt.iqtree
  Maximum-likelihood tree:       rt.treefile
  Likelihood distances:          rt.mldist

Ultrafast bootstrap approximation results written to:
  Split support values:          rt.splits.nex
  Consensus tree:                rt.contree
  Screen log file:               rt.log

Date and Time: Sun Aug  9 12:05:44 2026
